// Jest Snapshot v1, https://goo.gl/fbAQLP

exports[`DynamoDB Stack Snapshot 1`] = `
{
  "Parameters": {
    "BootstrapVersion": {
      "Default": "/cdk-bootstrap/hnb659fds/version",
      "Description": "Version of the CDK Bootstrap resources in this environment, automatically retrieved from SSM Parameter Store. [cdk:skip]",
      "Type": "AWS::SSM::Parameter::Value<String>",
    },
  },
  "Resources": {
    "TableCD117FA1": {
      "DeletionPolicy": "Retain",
      "Properties": {
        "AttributeDefinitions": [
          {
            "AttributeName": "id",
            "AttributeType": "S",
          },
        ],
        "BillingMode": "PAY_PER_REQUEST",
        "KeySchema": [
          {
            "AttributeName": "id",
            "KeyType": "HASH",
          },
        ],
        "Replicas": [
          {
            "Region": {
              "Ref": "AWS::Region",
            },
            "ResourcePolicy": {
              "PolicyDocument": {
                "Statement": [
                  {
                    "Action": [
                      "dynamodb:GetShardIterator",
                      "dynamodb:Scan",
                      "dynamodb:Query",
                      "dynamodb:DescribeStream",
                      "dynamodb:GetRecords",
                      "dynamodb:ListStreams",
                    ],
                    "Effect": "Allow",
                    "Principal": {
                      "AWS": [
                        "arn:aws:iam::123456789012:role/test-ddb-role-1",
                        "arn:aws:iam::123456789012:role/test-ddb-role-2",
                        "arn:aws:iam::123456789012:role/test-ddb-role-3",
                      ],
                    },
                    "Resource": [
                      "arn:aws:dynamodb:ap-southeast-2:123456789012:table/ddb-table-test/index/*",
                      "arn:aws:dynamodb:ap-southeast-2:123456789012:table/ddb-table-test/stream/*",
                    ],
                  },
                  {
                    "Action": [
                      "dynamodb:BatchGetItem",
                      "dynamodb:BatchWriteItem",
                      "dynamodb:ConditionCheckItem",
                      "dynamodb:PutItem",
                      "dynamodb:DescribeTable",
                      "dynamodb:DeleteItem",
                      "dynamodb:GetItem",
                      "dynamodb:Scan",
                      "dynamodb:Query",
                      "dynamodb:UpdateItem",
                    ],
                    "Effect": "Allow",
                    "Principal": {
                      "AWS": [
                        "arn:aws:iam::123456789012:role/test-ddb-role-1",
                        "arn:aws:iam::123456789012:role/test-ddb-role-2",
                        "arn:aws:iam::123456789012:role/test-ddb-role-3",
                      ],
                    },
                    "Resource": "arn:aws:dynamodb:ap-southeast-2:123456789012:table/ddb-table-test",
                  },
                ],
                "Version": "2012-10-17",
              },
            },
          },
        ],
        "TableName": "ddb-table-test",
      },
      "Type": "AWS::DynamoDB::GlobalTable",
      "UpdateReplacePolicy": "Retain",
    },
    "testddbrole1EE1FCF5C": {
      "Properties": {
        "AssumeRolePolicyDocument": {
          "Statement": [
            {
              "Action": "sts:AssumeRole",
              "Effect": "Allow",
              "Principal": {
                "Service": "ec2.amazonaws.com",
              },
            },
          ],
          "Version": "2012-10-17",
        },
        "Policies": [
          {
            "PolicyDocument": {
              "Statement": [
                {
                  "Action": "dynamodb:*",
                  "Effect": "Allow",
                  "Resource": [
                    "arn:aws:dynamodb:ap-southeast-2:123456789012:table/ddb-table-test",
                    "arn:aws:dynamodb:ap-southeast-2:123456789012:table/ddb-table-test/index/*",
                  ],
                },
              ],
              "Version": "2012-10-17",
            },
            "PolicyName": "DynamoDBAccess",
          },
        ],
        "RoleName": "test-ddb-role-1",
      },
      "Type": "AWS::IAM::Role",
    },
    "testddbrole2C5F6B0E6": {
      "Properties": {
        "AssumeRolePolicyDocument": {
          "Statement": [
            {
              "Action": "sts:AssumeRole",
              "Effect": "Allow",
              "Principal": {
                "Service": "ec2.amazonaws.com",
              },
            },
          ],
          "Version": "2012-10-17",
        },
        "Policies": [
          {
            "PolicyDocument": {
              "Statement": [
                {
                  "Action": "dynamodb:*",
                  "Effect": "Allow",
                  "Resource": [
                    "arn:aws:dynamodb:ap-southeast-2:123456789012:table/ddb-table-test",
                    "arn:aws:dynamodb:ap-southeast-2:123456789012:table/ddb-table-test/index/*",
                  ],
                },
              ],
              "Version": "2012-10-17",
            },
            "PolicyName": "DynamoDBAccess",
          },
        ],
        "RoleName": "test-ddb-role-2",
      },
      "Type": "AWS::IAM::Role",
    },
    "testddbrole34961B6CD": {
      "Properties": {
        "AssumeRolePolicyDocument": {
          "Statement": [
            {
              "Action": "sts:AssumeRole",
              "Effect": "Allow",
              "Principal": {
                "Service": "ec2.amazonaws.com",
              },
            },
          ],
          "Version": "2012-10-17",
        },
        "Policies": [
          {
            "PolicyDocument": {
              "Statement": [
                {
                  "Action": "dynamodb:*",
                  "Effect": "Allow",
                  "Resource": [
                    "arn:aws:dynamodb:ap-southeast-2:123456789012:table/ddb-table-test",
                    "arn:aws:dynamodb:ap-southeast-2:123456789012:table/ddb-table-test/index/*",
                  ],
                },
              ],
              "Version": "2012-10-17",
            },
            "PolicyName": "DynamoDBAccess",
          },
        ],
        "RoleName": "test-ddb-role-3",
      },
      "Type": "AWS::IAM::Role",
    },
  },
  "Rules": {
    "CheckBootstrapVersion": {
      "Assertions": [
        {
          "Assert": {
            "Fn::Not": [
              {
                "Fn::Contains": [
                  [
                    "1",
                    "2",
                    "3",
                    "4",
                    "5",
                  ],
                  {
                    "Ref": "BootstrapVersion",
                  },
                ],
              },
            ],
          },
          "AssertDescription": "CDK bootstrap stack version 6 required. Please run 'cdk bootstrap' with a recent version of the CDK CLI.",
        },
      ],
    },
  },
}
`;
